[
  {
    "args": [
      {
        "docs": [],
        "indexed": true,
        "label": "owner",
        "type": {
          "displayName": [
            "AccountId"
          ],
          "type": 0
        }
      },
      {
        "docs": [],
        "indexed": true,
        "label": "operator",
        "type": {
          "displayName": [
            "AccountId"
          ],
          "type": 0
        }
      },
      {
        "docs": [],
        "indexed": false,
        "label": "allowance",
        "type": {
          "displayName": [
            "Balance"
          ],
          "type": 3
        }
      },
      {
        "docs": [],
        "indexed": false,
        "label": "unlock_block_number",
        "type": {
          "displayName": [
            "BlockNumber"
          ],
          "type": 4
        }
      }
    ],
    "docs": [],
    "label": "MissionReady"
  },
  {
    "args": [],
    "docs": [
      " Mission finished successfully"
    ],
    "label": "MissionAccomplished"
  },
  {
    "args": [],
    "docs": [
      " Mission is deployed on the target fleet as claimed by the network operator"
    ],
    "label": "MissionDeployed"
  },
  {
    "args": [
      {
        "docs": [],
        "indexed": false,
        "label": "prize",
        "type": {
          "displayName": [
            "Balance"
          ],
          "type": 3
        }
      }
    ],
    "docs": [
      " Mission has paid out some prize for a successful discovery"
    ],
    "label": "MissionPaidOut"
  }
]
