[
  {
    "args": [
      {
        "docs": [],
        "indexed": true,
        "label": "owner",
        "type": {
          "displayName": [
            "AccountId"
          ],
          "type": 0
        }
      },
      {
        "docs": [],
        "indexed": true,
        "label": "operator",
        "type": {
          "displayName": [
            "AccountId"
          ],
          "type": 0
        }
      },
      {
        "docs": [],
        "indexed": false,
        "label": "allowance",
        "type": {
          "displayName": [
            "Balance"
          ],
          "type": 3
        }
      },
      {
        "docs": [],
        "indexed": false,
        "label": "unlock_block_number",
        "type": {
          "displayName": [
            "BlockNumber"
          ],
          "type": 4
        }
      }
    ],
    "docs": [],
    "label": "MissionReady"
  },
  {
    "args": [
      {
        "docs": [],
        "indexed": false,
        "label": "memo",
        "type": {
          "displayName": [
            "Vec"
          ],
          "type": 5
        }
      }
    ],
    "docs": [],
    "label": "MissionAccomplished"
  }
]
